{"publication_number": "EP1000000A1", "full_document": {"num_pages": 12, "description": "FullDocument", "link": "published-data/images/EP/1000000/A1/fullimage", "formats": ["application/pdf", "application/tiff"], "sections": [{"name": "ABSTRACT", "start_page": 1}, {"name": "BIBLIOGRAPHY", "start_page": 1}, {"name": "CLAIMS", "start_page": 3}, {"name": "DESCRIPTION", "start_page": 2}, {"name": "DRAWINGS", "start_page": 5}, {"name": "SEARCH_REPORT", "start_page": 11}], "doc_number": "EP1000000A1"}, "drawing": {"num_pages": 6, "description": "Drawing", "link": "published-data/images/EP/1000000/A1/thumbnail", "formats": ["application/pdf", "application/tiff"], "sections": [{"name": "DRAWINGS", "start_page": 1}], "doc_number": "EP1000000A1"}, "first_page": {"num_pages": 1, "description": "FirstPageClipping", "link": "published-data/images/EP/1000000/PA/firstpage", "formats": ["application/pdf", "application/tiff", "image/jpeg", "image/png"], "sections": [{"name": "ABSTRACT", "start_page": 1}, {"name": "BIBLIOGRAPHY", "start_page": 1}], "doc_number": "EP1000000PA"}}