<?xml version="1.0" encoding="UTF-8"?><?xml-stylesheet type="text/xsl" href="/3.2/style/exchange.xsl"?>
<ops:world-patent-data xmlns="http://www.epo.org/exchange" xmlns:ops="http://ops.epo.org" xmlns:xlink="http://www.w3.org/1999/xlink">
    <ops:biblio-search total-result-count="10000">
        <ops:query syntax="CQL">ti = plastic</ops:query>
        <ops:range begin="1" end="100"/>
        <ops:search-result>
            <ops:publication-reference system="ops.epo.org" family-id="88420563">
                <document-id document-id-type="docdb">
                    <country>WO</country>
                    <doc-number>2023205392</doc-number>
                    <kind>A1</kind>
                </document-id>
            </ops:publication-reference>
            <ops:publication-reference system="ops.epo.org" family-id="88420245">
                <document-id document-id-type="docdb">
                    <country>WO</country>
                    <doc-number>2023204736</doc-number>
                    <kind>A1</kind>
                </document-id>
            </ops:publication-reference>
            <ops:publication-reference system="ops.epo.org" family-id="88419912">
                <document-id document-id-type="docdb">
                    <country>WO</country>
                    <doc-number>2023204095</doc-number>
                    <kind>A1</kind>
                </document-id>
            </ops:publication-reference>
            <ops:publication-reference system="ops.epo.org" family-id="85078902">
                <document-id document-id-type="docdb">
                    <country>WO</country>
                    <doc-number>2023203823</doc-number>
                    <kind>A1</kind>
                </document-id>
            </ops:publication-reference>
            <ops:publication-reference system="ops.epo.org" family-id="82077583">
                <document-id document-id-type="docdb">
                    <country>WO</country>
                    <doc-number>2023201854</doc-number>
                    <kind>A1</kind>
                </document-id>
            </ops:publication-reference>
            <ops:publication-reference system="ops.epo.org" family-id="75511612">
                <document-id document-id-type="docdb">
                    <country>US</country>
                    <doc-number>2023339223</doc-number>
                    <kind>A1</kind>
                </document-id>
            </ops:publication-reference>
            <ops:publication-reference system="ops.epo.org" family-id="77927911">
                <document-id document-id-type="docdb">
                    <country>US</country>
                    <doc-number>2023339206</doc-number>
                    <kind>A1</kind>
                </document-id>
            </ops:publication-reference>
            <ops:publication-reference system="ops.epo.org" family-id="66429587">
                <document-id document-id-type="docdb">
                    <country>US</country>
                    <doc-number>2023339158</doc-number>
                    <kind>A1</kind>
                </document-id>
            </ops:publication-reference>
            <ops:publication-reference system="ops.epo.org" family-id="75497907">
                <document-id document-id-type="docdb">
                    <country>US</country>
                    <doc-number>2023339155</doc-number>
                    <kind>A1</kind>
                </document-id>
            </ops:publication-reference>
            <ops:publication-reference system="ops.epo.org" family-id="75912836">
                <document-id document-id-type="docdb">
                    <country>US</country>
                    <doc-number>2023339145</doc-number>
                    <kind>A1</kind>
                </document-id>
            </ops:publication-reference>
            <ops:publication-reference system="ops.epo.org" family-id="88416311">
                <document-id document-id-type="docdb">
                    <country>US</country>
                    <doc-number>2023341210</doc-number>
                    <kind>A1</kind>
                </document-id>
            </ops:publication-reference>
            <ops:publication-reference system="ops.epo.org" family-id="80951648">
                <document-id document-id-type="docdb">
                    <country>US</country>
                    <doc-number>2023341591</doc-number>
                    <kind>A1</kind>
                </document-id>
            </ops:publication-reference>
            <ops:publication-reference system="ops.epo.org" family-id="88416184">
                <document-id document-id-type="docdb">
                    <country>US</country>
                    <doc-number>2023340730</doc-number>
                    <kind>A1</kind>
                </document-id>
            </ops:publication-reference>
            <ops:publication-reference system="ops.epo.org" family-id="81344453">
                <document-id document-id-type="docdb">
                    <country>US</country>
                    <doc-number>2023341251</doc-number>
                    <kind>A1</kind>
                </document-id>
            </ops:publication-reference>
            <ops:publication-reference system="ops.epo.org" family-id="79019406">
                <document-id document-id-type="docdb">
                    <country>AU</country>
                    <doc-number>2023241322</doc-number>
                    <kind>A1</kind>
                </document-id>
            </ops:publication-reference>
            <ops:publication-reference system="ops.epo.org" family-id="81307000">
                <document-id document-id-type="docdb">
                    <country>AU</country>
                    <doc-number>2022236395</doc-number>
                    <kind>A1</kind>
                </document-id>
            </ops:publication-reference>
            <ops:publication-reference system="ops.epo.org" family-id="52292940">
                <document-id document-id-type="docdb">
                    <country>MX</country>
                    <doc-number>2022010451</doc-number>
                    <kind>A</kind>
                </document-id>
            </ops:publication-reference>
            <ops:publication-reference system="ops.epo.org" family-id="47755031">
                <document-id document-id-type="docdb">
                    <country>MX</country>
                    <doc-number>2022010930</doc-number>
                    <kind>A</kind>
                </document-id>
            </ops:publication-reference>
            <ops:publication-reference system="ops.epo.org" family-id="83305099">
                <document-id document-id-type="docdb">
                    <country>CA</country>
                    <doc-number>3216212</doc-number>
                    <kind>A1</kind>
                </document-id>
            </ops:publication-reference>
            <ops:publication-reference system="ops.epo.org" family-id="81325261">
                <document-id document-id-type="docdb">
                    <country>CA</country>
                    <doc-number>3215431</doc-number>
                    <kind>A1</kind>
                </document-id>
            </ops:publication-reference>
            <ops:publication-reference system="ops.epo.org" family-id="75497814">
                <document-id document-id-type="docdb">
                    <country>CA</country>
                    <doc-number>3215053</doc-number>
                    <kind>A1</kind>
                </document-id>
            </ops:publication-reference>
            <ops:publication-reference system="ops.epo.org" family-id="81448587">
                <document-id document-id-type="docdb">
                    <country>CA</country>
                    <doc-number>3215975</doc-number>
                    <kind>A1</kind>
                </document-id>
            </ops:publication-reference>
            <ops:publication-reference system="ops.epo.org" family-id="83601973">
                <document-id document-id-type="docdb">
                    <country>CA</country>
                    <doc-number>3215125</doc-number>
                    <kind>A1</kind>
                </document-id>
            </ops:publication-reference>
            <ops:publication-reference system="ops.epo.org" family-id="88404423">
                <document-id document-id-type="docdb">
                    <country>FI</country>
                    <doc-number>13483</doc-number>
                    <kind>Y1</kind>
                </document-id>
            </ops:publication-reference>
            <ops:publication-reference system="ops.epo.org" family-id="67998670">
                <document-id document-id-type="docdb">
                    <country>PL</country>
                    <doc-number>3976514</doc-number>
                    <kind>T3</kind>
                </document-id>
            </ops:publication-reference>
            <ops:publication-reference system="ops.epo.org" family-id="88372964">
                <document-id document-id-type="docdb">
                    <country>PL</country>
                    <doc-number>130732</doc-number>
                    <kind>U1</kind>
                </document-id>
            </ops:publication-reference>
            <ops:publication-reference system="ops.epo.org" family-id="88330308">
                <document-id document-id-type="docdb">
                    <country>WO</country>
                    <doc-number>2023201034</doc-number>
                    <kind>A1</kind>
                </document-id>
            </ops:publication-reference>
            <ops:publication-reference system="ops.epo.org" family-id="88308184">
                <document-id document-id-type="docdb">
                    <country>WO</country>
                    <doc-number>2023200961</doc-number>
                    <kind>A1</kind>
                </document-id>
            </ops:publication-reference>
            <ops:publication-reference system="ops.epo.org" family-id="88330006">
                <document-id document-id-type="docdb">
                    <country>WO</country>
                    <doc-number>2023200247</doc-number>
                    <kind>A1</kind>
                </document-id>
            </ops:publication-reference>
            <ops:publication-reference system="ops.epo.org" family-id="88329976">
                <document-id document-id-type="docdb">
                    <country>WO</country>
                    <doc-number>2023200245</doc-number>
                    <kind>A1</kind>
                </document-id>
            </ops:publication-reference>
            <ops:publication-reference system="ops.epo.org" family-id="88329478">
                <document-id document-id-type="docdb">
                    <country>WO</country>
                    <doc-number>2023199546</doc-number>
                    <kind>A1</kind>
                </document-id>
            </ops:publication-reference>
            <ops:publication-reference system="ops.epo.org" family-id="82938367">
                <document-id document-id-type="docdb">
                    <country>WO</country>
                    <doc-number>2023197349</doc-number>
                    <kind>A1</kind>
                </document-id>
            </ops:publication-reference>
            <ops:publication-reference system="ops.epo.org" family-id="88309062">
                <document-id document-id-type="docdb">
                    <country>US</country>
                    <doc-number>2023331434</doc-number>
                    <kind>A1</kind>
                </document-id>
            </ops:publication-reference>
            <ops:publication-reference system="ops.epo.org" family-id="88308949">
                <document-id document-id-type="docdb">
                    <country>US</country>
                    <doc-number>2023331026</doc-number>
                    <kind>A1</kind>
                </document-id>
            </ops:publication-reference>
            <ops:publication-reference system="ops.epo.org" family-id="58772586">
                <document-id document-id-type="docdb">
                    <country>US</country>
                    <doc-number>2023330899</doc-number>
                    <kind>A1</kind>
                </document-id>
            </ops:publication-reference>
            <ops:publication-reference system="ops.epo.org" family-id="74003695">
                <document-id document-id-type="docdb">
                    <country>US</country>
                    <doc-number>2023329971</doc-number>
                    <kind>A1</kind>
                </document-id>
            </ops:publication-reference>
            <ops:publication-reference system="ops.epo.org" family-id="88308184">
                <document-id document-id-type="docdb">
                    <country>US</country>
                    <doc-number>2023332051</doc-number>
                    <kind>A1</kind>
                </document-id>
            </ops:publication-reference>
            <ops:publication-reference system="ops.epo.org" family-id="88308179">
                <document-id document-id-type="docdb">
                    <country>US</country>
                    <doc-number>2023332058</doc-number>
                    <kind>A1</kind>
                </document-id>
            </ops:publication-reference>
            <ops:publication-reference system="ops.epo.org" family-id="88308153">
                <document-id document-id-type="docdb">
                    <country>US</country>
                    <doc-number>2023331989</doc-number>
                    <kind>A1</kind>
                </document-id>
            </ops:publication-reference>
            <ops:publication-reference system="ops.epo.org" family-id="72178347">
                <document-id document-id-type="docdb">
                    <country>US</country>
                    <doc-number>2023331952</doc-number>
                    <kind>A1</kind>
                </document-id>
            </ops:publication-reference>
            <ops:publication-reference system="ops.epo.org" family-id="88296385">
                <document-id document-id-type="docdb">
                    <country>KR</country>
                    <doc-number>20230140110</doc-number>
                    <kind>A</kind>
                </document-id>
            </ops:publication-reference>
            <ops:publication-reference system="ops.epo.org" family-id="88296176">
                <document-id document-id-type="docdb">
                    <country>KR</country>
                    <doc-number>20230139907</doc-number>
                    <kind>A</kind>
                </document-id>
            </ops:publication-reference>
            <ops:publication-reference system="ops.epo.org" family-id="88243147">
                <document-id document-id-type="docdb">
                    <country>KR</country>
                    <doc-number>20230142898</doc-number>
                    <kind>A</kind>
                </document-id>
            </ops:publication-reference>
            <ops:publication-reference system="ops.epo.org" family-id="88294912">
                <document-id document-id-type="docdb">
                    <country>KR</country>
                    <doc-number>20230138349</doc-number>
                    <kind>A</kind>
                </document-id>
            </ops:publication-reference>
            <ops:publication-reference system="ops.epo.org" family-id="88294805">
                <document-id document-id-type="docdb">
                    <country>KR</country>
                    <doc-number>20230138351</doc-number>
                    <kind>A</kind>
                </document-id>
            </ops:publication-reference>
            <ops:publication-reference system="ops.epo.org" family-id="88294613">
                <document-id document-id-type="docdb">
                    <country>KR</country>
                    <doc-number>20230138788</doc-number>
                    <kind>A</kind>
                </document-id>
            </ops:publication-reference>
            <ops:publication-reference system="ops.epo.org" family-id="88294106">
                <document-id document-id-type="docdb">
                    <country>KR</country>
                    <doc-number>20230138065</doc-number>
                    <kind>A</kind>
                </document-id>
            </ops:publication-reference>
            <ops:publication-reference system="ops.epo.org" family-id="88294078">
                <document-id document-id-type="docdb">
                    <country>KR</country>
                    <doc-number>20230138079</doc-number>
                    <kind>A</kind>
                </document-id>
            </ops:publication-reference>
            <ops:publication-reference system="ops.epo.org" family-id="83116746">
                <document-id document-id-type="docdb">
                    <country>IL</country>
                    <doc-number>305299</doc-number>
                    <kind>A</kind>
                </document-id>
            </ops:publication-reference>
            <ops:publication-reference system="ops.epo.org" family-id="71528089">
                <document-id document-id-type="docdb">
                    <country>FI</country>
                    <doc-number>3987192</doc-number>
                    <kind>T3</kind>
                </document-id>
            </ops:publication-reference>
            <ops:publication-reference system="ops.epo.org" family-id="83455236">
                <document-id document-id-type="docdb">
                    <country>CA</country>
                    <doc-number>3214255</doc-number>
                    <kind>A1</kind>
                </document-id>
            </ops:publication-reference>
            <ops:publication-reference system="ops.epo.org" family-id="75497815">
                <document-id document-id-type="docdb">
                    <country>CA</country>
                    <doc-number>3214680</doc-number>
                    <kind>A1</kind>
                </document-id>
            </ops:publication-reference>
            <ops:publication-reference system="ops.epo.org" family-id="81387224">
                <document-id document-id-type="docdb">
                    <country>CA</country>
                    <doc-number>3214932</doc-number>
                    <kind>A1</kind>
                </document-id>
            </ops:publication-reference>
            <ops:publication-reference system="ops.epo.org" family-id="81388851">
                <document-id document-id-type="docdb">
                    <country>CA</country>
                    <doc-number>3214368</doc-number>
                    <kind>A1</kind>
                </document-id>
            </ops:publication-reference>
            <ops:publication-reference system="ops.epo.org" family-id="80999198">
                <document-id document-id-type="docdb">
                    <country>KR</country>
                    <doc-number>20230141593</doc-number>
                    <kind>A</kind>
                </document-id>
            </ops:publication-reference>
            <ops:publication-reference system="ops.epo.org" family-id="88292403">
                <document-id document-id-type="docdb">
                    <country>KR</country>
                    <doc-number>20230141020</doc-number>
                    <kind>A</kind>
                </document-id>
            </ops:publication-reference>
            <ops:publication-reference system="ops.epo.org" family-id="88292268">
                <document-id document-id-type="docdb">
                    <country>KR</country>
                    <doc-number>20230140815</doc-number>
                    <kind>A</kind>
                </document-id>
            </ops:publication-reference>
            <ops:publication-reference system="ops.epo.org" family-id="88291725">
                <document-id document-id-type="docdb">
                    <country>KR</country>
                    <doc-number>20230143374</doc-number>
                    <kind>A</kind>
                </document-id>
            </ops:publication-reference>
            <ops:publication-reference system="ops.epo.org" family-id="88291418">
                <document-id document-id-type="docdb">
                    <country>KR</country>
                    <doc-number>102587872</doc-number>
                    <kind>B1</kind>
                </document-id>
            </ops:publication-reference>
            <ops:publication-reference system="ops.epo.org" family-id="88290033">
                <document-id document-id-type="docdb">
                    <country>KR</country>
                    <doc-number>20230143735</doc-number>
                    <kind>A</kind>
                </document-id>
            </ops:publication-reference>
            <ops:publication-reference system="ops.epo.org" family-id="88289764">
                <document-id document-id-type="docdb">
                    <country>KR</country>
                    <doc-number>102589186</doc-number>
                    <kind>B1</kind>
                </document-id>
            </ops:publication-reference>
            <ops:publication-reference system="ops.epo.org" family-id="88289761">
                <document-id document-id-type="docdb">
                    <country>KR</country>
                    <doc-number>102588752</doc-number>
                    <kind>B1</kind>
                </document-id>
            </ops:publication-reference>
            <ops:publication-reference system="ops.epo.org" family-id="88289687">
                <document-id document-id-type="docdb">
                    <country>KR</country>
                    <doc-number>102588791</doc-number>
                    <kind>B1</kind>
                </document-id>
            </ops:publication-reference>
            <ops:publication-reference system="ops.epo.org" family-id="78402039">
                <document-id document-id-type="docdb">
                    <country>PL</country>
                    <doc-number>3992096</doc-number>
                    <kind>T3</kind>
                </document-id>
            </ops:publication-reference>
            <ops:publication-reference system="ops.epo.org" family-id="88289533">
                <document-id document-id-type="docdb">
                    <country>PL</country>
                    <doc-number>130709</doc-number>
                    <kind>U1</kind>
                </document-id>
            </ops:publication-reference>
            <ops:publication-reference system="ops.epo.org" family-id="88244312">
                <document-id document-id-type="docdb">
                    <country>LU</country>
                    <doc-number>501799</doc-number>
                    <kind>B1</kind>
                </document-id>
            </ops:publication-reference>
            <ops:publication-reference system="ops.epo.org" family-id="88243636">
                <document-id document-id-type="docdb">
                    <country>WO</country>
                    <doc-number>2023193047</doc-number>
                    <kind>A1</kind>
                </document-id>
            </ops:publication-reference>
            <ops:publication-reference system="ops.epo.org" family-id="88243349">
                <document-id document-id-type="docdb">
                    <country>WO</country>
                    <doc-number>2023196064</doc-number>
                    <kind>A1</kind>
                </document-id>
            </ops:publication-reference>
            <ops:publication-reference system="ops.epo.org" family-id="88243147">
                <document-id document-id-type="docdb">
                    <country>WO</country>
                    <doc-number>2023195710</doc-number>
                    <kind>A1</kind>
                </document-id>
            </ops:publication-reference>
            <ops:publication-reference system="ops.epo.org" family-id="88243005">
                <document-id document-id-type="docdb">
                    <country>WO</country>
                    <doc-number>2023195455</doc-number>
                    <kind>A1</kind>
                </document-id>
            </ops:publication-reference>
            <ops:publication-reference system="ops.epo.org" family-id="88242862">
                <document-id document-id-type="docdb">
                    <country>WO</country>
                    <doc-number>2023195376</doc-number>
                    <kind>A1</kind>
                </document-id>
            </ops:publication-reference>
            <ops:publication-reference system="ops.epo.org" family-id="81327392">
                <document-id document-id-type="docdb">
                    <country>US</country>
                    <doc-number>2023322164</doc-number>
                    <kind>A1</kind>
                </document-id>
            </ops:publication-reference>
            <ops:publication-reference system="ops.epo.org" family-id="82242789">
                <document-id document-id-type="docdb">
                    <country>US</country>
                    <doc-number>2023321705</doc-number>
                    <kind>A1</kind>
                </document-id>
            </ops:publication-reference>
            <ops:publication-reference system="ops.epo.org" family-id="82243394">
                <document-id document-id-type="docdb">
                    <country>US</country>
                    <doc-number>2023321710</doc-number>
                    <kind>A1</kind>
                </document-id>
            </ops:publication-reference>
            <ops:publication-reference system="ops.epo.org" family-id="79186583">
                <document-id document-id-type="docdb">
                    <country>US</country>
                    <doc-number>2023321686</doc-number>
                    <kind>A1</kind>
                </document-id>
            </ops:publication-reference>
            <ops:publication-reference system="ops.epo.org" family-id="75302603">
                <document-id document-id-type="docdb">
                    <country>US</country>
                    <doc-number>2023323224</doc-number>
                    <kind>A1</kind>
                </document-id>
            </ops:publication-reference>
            <ops:publication-reference system="ops.epo.org" family-id="71728642">
                <document-id document-id-type="docdb">
                    <country>US</country>
                    <doc-number>2023323213</doc-number>
                    <kind>A1</kind>
                </document-id>
            </ops:publication-reference>
            <ops:publication-reference system="ops.epo.org" family-id="86007460">
                <document-id document-id-type="docdb">
                    <country>US</country>
                    <doc-number>2023323083</doc-number>
                    <kind>A1</kind>
                </document-id>
            </ops:publication-reference>
            <ops:publication-reference system="ops.epo.org" family-id="88239927">
                <document-id document-id-type="docdb">
                    <country>US</country>
                    <doc-number>2023323128</doc-number>
                    <kind>A1</kind>
                </document-id>
            </ops:publication-reference>
            <ops:publication-reference system="ops.epo.org" family-id="77774870">
                <document-id document-id-type="docdb">
                    <country>US</country>
                    <doc-number>2023323070</doc-number>
                    <kind>A1</kind>
                </document-id>
            </ops:publication-reference>
            <ops:publication-reference system="ops.epo.org" family-id="80491022">
                <document-id document-id-type="docdb">
                    <country>US</country>
                    <doc-number>2023323071</doc-number>
                    <kind>A1</kind>
                </document-id>
            </ops:publication-reference>
            <ops:publication-reference system="ops.epo.org" family-id="74550685">
                <document-id document-id-type="docdb">
                    <country>MX</country>
                    <doc-number>2022009634</doc-number>
                    <kind>A</kind>
                </document-id>
            </ops:publication-reference>
            <ops:publication-reference system="ops.epo.org" family-id="74186827">
                <document-id document-id-type="docdb">
                    <country>MX</country>
                    <doc-number>2022008075</doc-number>
                    <kind>A</kind>
                </document-id>
            </ops:publication-reference>
            <ops:publication-reference system="ops.epo.org" family-id="77292583">
                <document-id document-id-type="docdb">
                    <country>MX</country>
                    <doc-number>2022009809</doc-number>
                    <kind>A</kind>
                </document-id>
            </ops:publication-reference>
            <ops:publication-reference system="ops.epo.org" family-id="77291640">
                <document-id document-id-type="docdb">
                    <country>MX</country>
                    <doc-number>2022009358</doc-number>
                    <kind>A</kind>
                </document-id>
            </ops:publication-reference>
            <ops:publication-reference system="ops.epo.org" family-id="83321567">
                <document-id document-id-type="docdb">
                    <country>MX</country>
                    <doc-number>2021003222</doc-number>
                    <kind>A</kind>
                </document-id>
            </ops:publication-reference>
            <ops:publication-reference system="ops.epo.org" family-id="69570798">
                <document-id document-id-type="docdb">
                    <country>MX</country>
                    <doc-number>2022007674</doc-number>
                    <kind>A</kind>
                </document-id>
            </ops:publication-reference>
            <ops:publication-reference system="ops.epo.org" family-id="76438821">
                <document-id document-id-type="docdb">
                    <country>MX</country>
                    <doc-number>2022007131</doc-number>
                    <kind>A</kind>
                </document-id>
            </ops:publication-reference>
            <ops:publication-reference system="ops.epo.org" family-id="76438826">
                <document-id document-id-type="docdb">
                    <country>MX</country>
                    <doc-number>2022007132</doc-number>
                    <kind>A</kind>
                </document-id>
            </ops:publication-reference>
            <ops:publication-reference system="ops.epo.org" family-id="67998670">
                <document-id document-id-type="docdb">
                    <country>RS</country>
                    <doc-number>64414</doc-number>
                    <kind>B1</kind>
                </document-id>
            </ops:publication-reference>
            <ops:publication-reference system="ops.epo.org" family-id="88236973">
                <document-id document-id-type="docdb">
                    <country>RS</country>
                    <doc-number>20230515</doc-number>
                    <kind>A2</kind>
                </document-id>
            </ops:publication-reference>
            <ops:publication-reference system="ops.epo.org" family-id="81854800">
                <document-id document-id-type="docdb">
                    <country>CA</country>
                    <doc-number>3214386</doc-number>
                    <kind>A1</kind>
                </document-id>
            </ops:publication-reference>
            <ops:publication-reference system="ops.epo.org" family-id="81580408">
                <document-id document-id-type="docdb">
                    <country>CA</country>
                    <doc-number>3214334</doc-number>
                    <kind>A1</kind>
                </document-id>
            </ops:publication-reference>
            <ops:publication-reference system="ops.epo.org" family-id="57530638">
                <document-id document-id-type="docdb">
                    <country>PL</country>
                    <doc-number>3712084</doc-number>
                    <kind>T3</kind>
                </document-id>
            </ops:publication-reference>
            <ops:publication-reference system="ops.epo.org" family-id="60990708">
                <document-id document-id-type="docdb">
                    <country>PL</country>
                    <doc-number>3372381</doc-number>
                    <kind>T3</kind>
                </document-id>
            </ops:publication-reference>
            <ops:publication-reference system="ops.epo.org" family-id="68276679">
                <document-id document-id-type="docdb">
                    <country>PL</country>
                    <doc-number>3779259</doc-number>
                    <kind>T3</kind>
                </document-id>
            </ops:publication-reference>
            <ops:publication-reference system="ops.epo.org" family-id="57485263">
                <document-id document-id-type="docdb">
                    <country>PL</country>
                    <doc-number>3529052</doc-number>
                    <kind>T3</kind>
                </document-id>
            </ops:publication-reference>
            <ops:publication-reference system="ops.epo.org" family-id="88194736">
                <document-id document-id-type="docdb">
                    <country>WO</country>
                    <doc-number>2023192449</doc-number>
                    <kind>A1</kind>
                </document-id>
            </ops:publication-reference>
            <ops:publication-reference system="ops.epo.org" family-id="88194598">
                <document-id document-id-type="docdb">
                    <country>WO</country>
                    <doc-number>2023192455</doc-number>
                    <kind>A1</kind>
                </document-id>
            </ops:publication-reference>
            <ops:publication-reference system="ops.epo.org" family-id="88194597">
                <document-id document-id-type="docdb">
                    <country>WO</country>
                    <doc-number>2023192452</doc-number>
                    <kind>A1</kind>
                </document-id>
            </ops:publication-reference>
        </ops:search-result>
    </ops:biblio-search>
</ops:world-patent-data>